warning: output filename collision at D:\code\Reckless\target/411b6-reckless-native\release\deps\reckless.dll
  |
  = note: the lib target `reckless` in package `reckless v0.10.0-dev (D:\code\Reckless)` has the same output filename as the lib target `reckless` in package `reckless v0.10.0-dev (D:\code\Reckless)`
  = note: this may become a hard error in the future; see <https://github.com/rust-lang/cargo/issues/6313>
  = help: consider changing their names to be unique or compiling them separately
warning: output filename collision at D:\code\Reckless\target/411b6-reckless-native\release\deps\reckless.dll.lib
  |
  = note: the lib target `reckless` in package `reckless v0.10.0-dev (D:\code\Reckless)` has the same output filename as the lib target `reckless` in package `reckless v0.10.0-dev (D:\code\Reckless)`
  = note: this may become a hard error in the future; see <https://github.com/rust-lang/cargo/issues/6313>
  = help: consider changing their names to be unique or compiling them separately
warning: output filename collision at D:\code\Reckless\target/411b6-reckless-native\release\deps\reckless.dll.exp
  |
  = note: the lib target `reckless` in package `reckless v0.10.0-dev (D:\code\Reckless)` has the same output filename as the lib target `reckless` in package `reckless v0.10.0-dev (D:\code\Reckless)`
  = note: this may become a hard error in the future; see <https://github.com/rust-lang/cargo/issues/6313>
  = help: consider changing their names to be unique or compiling them separately
warning: output filename collision at D:\code\Reckless\target/411b6-reckless-native\release\deps\reckless.pdb
  |
  = note: the lib target `reckless` in package `reckless v0.10.0-dev (D:\code\Reckless)` has the same output filename as the lib target `reckless` in package `reckless v0.10.0-dev (D:\code\Reckless)`
  = note: this may become a hard error in the future; see <https://github.com/rust-lang/cargo/issues/6313>
  = help: consider changing their names to be unique or compiling them separately
warning: output filename collision at D:\code\Reckless\target/411b6-reckless-native\release\deps\libreckless.rlib
  |
  = note: the lib target `reckless` in package `reckless v0.10.0-dev (D:\code\Reckless)` has the same output filename as the lib target `reckless` in package `reckless v0.10.0-dev (D:\code\Reckless)`
  = note: this may become a hard error in the future; see <https://github.com/rust-lang/cargo/issues/6313>
  = help: consider changing their names to be unique or compiling them separately
warning: output filename collision at D:\code\Reckless\target/411b6-reckless-native\release\deps\reckless.pdb
  |
  = note: the bin target `reckless` in package `reckless v0.10.0-dev (D:\code\Reckless)` has the same output filename as the lib target `reckless` in package `reckless v0.10.0-dev (D:\code\Reckless)`
  = note: this may become a hard error in the future; see <https://github.com/rust-lang/cargo/issues/6313>
  = help: consider changing their names to be unique or compiling them separately
   Compiling proc-macro2 v1.0.95
   Compiling windows_x86_64_msvc v0.52.6
   Compiling glob v0.3.2
   Compiling unicode-ident v1.0.18
   Compiling quote v1.0.45
   Compiling clang-sys v1.8.1
   Compiling libc v0.2.175
   Compiling prettyplease v0.2.32
   Compiling windows-targets v0.52.6
   Compiling memchr v2.7.4
   Compiling regex-syntax v0.8.5
   Compiling minimal-lexical v0.2.1
   Compiling nom v7.1.3
   Compiling regex-automata v0.4.9
   Compiling syn v2.0.101
   Compiling libloading v0.8.6
   Compiling shlex v1.3.0
   Compiling bindgen v0.71.1
   Compiling either v1.15.0
   Compiling itertools v0.13.0
   Compiling regex v1.11.1
   Compiling cexpr v0.6.0
   Compiling log v0.4.27
   Compiling bitflags v2.9.0
   Compiling rustc-hash v2.1.1
   Compiling cc v1.2.22
   Compiling reckless v0.10.0-dev (D:\code\Reckless)
    Finished `bench` profile [optimized] target(s) in 31.26s
  Executable benches\board.rs (target/411b6-reckless-native\release\deps\board-8ae3e21b46b77bc3.exe)
