   Compiling rarog v2.3.2 (D:\code\rarog)
    Finished `release` profile [optimized] target(s) in 8.34s
     Running tests\see_contract.rs (target\release\deps\see_contract-0dd2f86ade982b66.exe)

running 5 tests
test pending_created_pin_repair ... ignored, 4.11b.5: pin created during exchange; remove ignore when repaired
test pending_king_exchange_repair ... ignored, 4.11b.5: unresolved exchange defects; remove ignore when repaired
test pending_recapture_promotion_repair ... ignored, 4.11b.5: recapture promotion gain; remove ignore when repaired
free-pawn|exchange|tree=100|see=100|thresholds=[99, 100, 101, 0]|ge=[true, true, false, true]|quiet=[true, true, false, true]
defended-pawn|exchange|tree=-400|see=-400|thresholds=[-401, -400, -399, 0]|ge=[true, true, false, false]|quiet=[true, true, false, false]
king-after-pawn|debt|tree=-300|see=-400|thresholds=[-301, -300, -299, 0]|ge=[true, true, true, true]|quiet=[true, true, true, true]
legal-king-recapture|exchange|tree=0|see=0|thresholds=[-1, 0, 1, 0]|ge=[true, true, false, true]|quiet=[true, true, false, true]
defended-king-destination|exchange|tree=900|see=900|thresholds=[899, 900, 901, 0]|ge=[true, true, false, true]|quiet=[true, true, false, true]
pinned-pawn|exchange|tree=100|see=100|thresholds=[99, 100, 101, 0]|ge=[true, true, false, true]|quiet=[true, true, false, true]
pin-created|debt|tree=100|see=-230|thresholds=[99, 100, 101, 0]|ge=[false, false, false, false]|quiet=[false, false, false, false]
pin-released|exchange|tree=-230|see=-230|thresholds=[-231, -230, -229, 0]|ge=[true, true, false, false]|quiet=[true, true, false, false]
xray|exchange|tree=500|see=500|thresholds=[499, 500, 501, 0]|ge=[true, true, false, true]|quiet=[true, true, false, true]
ep-opens-rook|exchange|tree=0|see=0|thresholds=[-1, 0, 1, 0]|ge=[true, true, false, true]|quiet=[true, true, false, true]
quiet-hanging|policy-quiet|tree=-500|see=0|thresholds=[-501, -500, -499, 0]|ge=[true, true, true, true]|quiet=[true, true, false, false]
quiet-promotion-hanging|policy-promotion|tree=-100|see=800|thresholds=[-101, -100, -99, 0]|ge=[true, true, true, true]|quiet=[true, true, true, true]
quiet-underpromotion|policy-promotion|tree=220|see=220|thresholds=[219, 220, 221, 0]|ge=[true, true, false, true]|quiet=[true, true, false, true]
capture-promotion|exchange|tree=1300|see=1300|thresholds=[1299, 1300, 1301, 0]|ge=[true, true, false, true]|quiet=[true, true, false, true]
capture-underpromotion|exchange|tree=720|see=720|thresholds=[719, 720, 721, 0]|ge=[true, true, false, true]|quiet=[true, true, false, true]
promotion-recapture|debt|tree=-800|see=0|thresholds=[-801, -800, -799, 0]|ge=[true, true, true, true]|quiet=[true, true, true, true]
castle-king|policy-castle|tree=0|see=0|thresholds=[-1, 0, 1, 0]|ge=[true, true, false, true]|quiet=[true, true, false, true]
castle-queen|policy-castle|tree=0|see=0|thresholds=[-1, 0, 1, 0]|ge=[true, true, false, true]|quiet=[true, true, false, true]
test independent_exchange_and_explicit_shortcut_contracts ... ok
test report_see_contract_observations ... ok

test result: ok. 2 passed; 0 failed; 3 ignored; 0 measured; 0 filtered out; finished in 0.00s

     Running tests\see_pins.rs (target\release\deps\see_pins-1d78d1a425292628.exe)

running 6 tests
test pinned_by_bishop_diagonal ... ok
test pinned_pawn_cannot_recapture_off_its_file ... ok
test pinned_pawn_may_capture_the_pinner_on_its_ray ... ok
test xray_recapture_still_seen_with_pin_logic ... ok
test capturing_the_pinner_frees_the_blocker ... ok
test plain_winning_and_losing_and_even_captures ... ok

test result: ok. 6 passed; 0 failed; 0 ignored; 0 measured; 0 filtered out; finished in 0.00s
